===== Config file =====
[printer]
kinematics = cartesian
max_velocity = 300
max_accel = 3000
max_z_velocity = 5
max_z_accel = 100

[mcu]
serial = /dev/serial/by-id/usb-1a86_USB_Serial-if00-port0

[virtual_sdcard]
path = ~/printer_data/gcodes
on_error_gcode = CANCEL_PRINT

[stepper_x]
step_pin = PC2
dir_pin = PB9
enable_pin = !PC3
microsteps = 16
rotation_distance = 40
position_endstop = -17
position_max = 235
homing_speed = 40
endstop_pin = ^PA5
homing_retract_dist = 0
position_min = -17

[stepper_y]
step_pin = PB8
dir_pin = PB7
enable_pin = !PC3
microsteps = 16
rotation_distance = 40
position_endstop = -23
position_max = 227
position_min = -23
homing_speed = 40
endstop_pin = ^PA6
homing_retract_dist = 0

[stepper_z]
step_pin = PB6
dir_pin = !PB5
enable_pin = !PC3
microsteps = 16
rotation_distance = 8
endstop_pin = probe:z_virtual_endstop
position_max = 235
position_min = -8

[screws_tilt_adjust]
screw1 = 10,-14
screw1_name = front left screw
screw2 = 10, 157
screw2_name = rear left screw
screw3 = 182, 157
screw3_name = rear right screw
screw4 = 182, -14
screw4_name = front right screw
screw_thread = CW-M4
horizontal_move_z = 7

[heater_bed]
heater_pin = PC9
sensor_type = EPCOS 100K B57560G104F
sensor_pin = PC4
control = pid
pid_kp = 54.027
pid_ki = 0.770
pid_kd = 948.182
min_temp = 0
max_temp = 130

[probe]
pin = ^PA7
x_offset = 40
y_offset = 18
speed = 5.0
lift_speed = 15.0
sample_retract_dist = 1
samples = 2
samples_tolerance_retries = 6
z_offset = 6.424

[bed_mesh]
speed = 300
horizontal_move_z = 7
mesh_min = 8,30
mesh_max = 223,201
probe_count = 5,5
zero_reference_position = 117.5, 117.5
algorithm = bicubic
fade_start = 1
fade_end = 10
split_delta_z = 0.015
move_check_distance = 3
mesh_pps = 4,4

[homing_override]
set_position_z = 0
gcode = 
	
	STATUS_HOMING
	G90
	G1 Z10 F3000
	G28 X
	G28 Y
	PROBE_OUT
	G90
	G1 X99 Y77 F6000
	G28 Z
	
	
	
	
	
	
	PROBE_IN
	STATUS_READY

[gcode_macro PROBE_OUT]
gcode = 
	G90
	G1 X228 F4000
	G4 P300
	G1 Z20
	G1 X0

[gcode_macro PROBE_IN]
gcode = 
	G90
	G1 Z20
	G1 X228 F20000
	G1 Y-8
	G1 Z5
	G4 P300
	G1 X220 F6000
	G1 Z15
	G1 X0

[gcode_macro BED_MESH_CALIBRATE]
rename_existing = _BED_MESH_CALIBRATE
gcode = 
	PROBE_OUT
	_BED_MESH_CALIBRATE
	PROBE_IN

[gcode_macro G29]
gcode = 
	PROBE_OUT
	BED_MESH_CALIBRATE
	
	PROBE_IN

[gcode_macro PROBE_CALIBRATE]
rename_existing = _PROBE_CALIBRATE
gcode = 
	{% if not 'xyz' in printer.toolhead.homed_axes %}
	G28
	{% endif %}
	PROBE_OUT
	G90
	G1 Z20
	G1 X115 Y115 F20000
	_PROBE_CALIBRATE
	TESTZ Z=20
	M117 Remove the Klack to continue calibration!

[gcode_macro PROBE_ACCURACY]
rename_existing = _PROBE_ACCURACY
gcode = 
	{% if not 'xyz' in printer.toolhead.homed_axes %}
	G28
	{% endif %}
	PROBE_OUT
	G90
	G1 Y115 X115 F20000
	_PROBE_ACCURACY
	PROBE_IN

[gcode_macro SCREWS_TILT_CALCULATE]
rename_existing = _SCREWS_TILT_CALCULATE
gcode = 
	PROBE_OUT
	_SCREWS_TILT_CALCULATE
	PROBE_IN
	G1 X117.5 Y220 Z20 F25000

[pause_resume]

[display_status]

[respond]

[gcode_macro CANCEL_PRINT]
description = Cancel the actual running print
rename_existing = CANCEL_PRINT_BASE
gcode = 
	
	{% set client = printer['gcode_macro _CLIENT_VARIABLE'] | default({}) %}
	{% set allow_park = client.park_at_cancel | default(false) | lower == 'true' %}
	{% set retract = client.cancel_retract | default(5.0) | abs %}
	
	{% set park_x = "" if (client.park_at_cancel_x | default(none) is none)
	else "X=" ~ client.park_at_cancel_x %}
	{% set park_y = "" if (client.park_at_cancel_y | default(none) is none)
	else "Y=" ~ client.park_at_cancel_y %}
	{% set custom_park = park_x | length > 0 or park_y | length > 0 %}
	
	
	{% if printer['gcode_macro RESUME'].restore_idle_timeout > 0 %}
	SET_IDLE_TIMEOUT TIMEOUT={printer['gcode_macro RESUME'].restore_idle_timeout}
	{% endif %}
	{% if (custom_park or not printer.pause_resume.is_paused) and allow_park %} _TOOLHEAD_PARK_PAUSE_CANCEL {park_x} {park_y} {% endif %}
	_CLIENT_RETRACT LENGTH={retract}
	TURN_OFF_HEATERS
	M106 S0
	{client.user_cancel_macro | default("")}
	SET_GCODE_VARIABLE MACRO=RESUME VARIABLE=idle_state VALUE=False
	
	SET_PAUSE_NEXT_LAYER ENABLE=0
	SET_PAUSE_AT_LAYER ENABLE=0 LAYER=0
	CANCEL_PRINT_BASE
	STATUS_COOLING
	G1 X-5 Y220

[gcode_macro PAUSE]
description = Pause the actual running print
rename_existing = PAUSE_BASE
gcode = 
	
	{% set client = printer['gcode_macro _CLIENT_VARIABLE'] | default({}) %}
	{% set idle_timeout = client.idle_timeout | default(0) %}
	{% set temp = printer[printer.toolhead.extruder].target if printer.toolhead.extruder != '' else 0 %}
	{% set restore = False if printer.toolhead.extruder == ''
	else True  if params.RESTORE | default(1) | int == 1 else False %}
	
	SET_GCODE_VARIABLE MACRO=RESUME VARIABLE=last_extruder_temp VALUE="{{'restore': restore, 'temp': temp}}"
	
	{% if idle_timeout > 0 %}
	SET_GCODE_VARIABLE MACRO=RESUME VARIABLE=restore_idle_timeout VALUE={printer.configfile.settings.idle_timeout.timeout}
	SET_IDLE_TIMEOUT TIMEOUT={idle_timeout}
	{% endif %}
	PAUSE_BASE
	{client.user_pause_macro | default("")}
	_TOOLHEAD_PARK_PAUSE_CANCEL {rawparams}
	STATUS_BUSY

[gcode_macro RESUME]
description = Resume the actual running print
rename_existing = RESUME_BASE
variable_last_extruder_temp = {'restore': False, 'temp': 0}
variable_restore_idle_timeout = 0
variable_idle_state = False
gcode = 
	
	{% set client = printer['gcode_macro _CLIENT_VARIABLE'] | default({}) %}
	{% set velocity = printer.configfile.settings.pause_resume.recover_velocity %}
	{% set sp_move = client.speed_move | default(velocity) %}
	{% set runout_resume = True if client.runout_sensor | default("") == ""
	else True if not printer[client.runout_sensor].enabled
	else printer[client.runout_sensor].filament_detected %}
	{% set can_extrude = True if printer.toolhead.extruder == ''
	else printer[printer.toolhead.extruder].can_extrude %}
	{% set do_resume = False %}
	{% set prompt_txt = [] %}
	
	
	{% if printer.idle_timeout.state | upper == "IDLE" or idle_state %}
	SET_GCODE_VARIABLE MACRO=RESUME VARIABLE=idle_state VALUE=False
	{% if last_extruder_temp.restore %}
	
	RESPOND TYPE=echo MSG='{"Restoring \"%s\" temperature to %3.1f\u00B0C, this may take some time" % (printer.toolhead.extruder, last_extruder_temp.temp) }'
	M109 S{last_extruder_temp.temp}
	{% set do_resume = True %}
	{% elif can_extrude %}
	{% set do_resume = True %}
	{% else %}
	RESPOND TYPE=error MSG='{"Resume aborted !!! \"%s\" not hot enough, please heat up again and press RESUME" % printer.toolhead.extruder}'
	{% set _d = prompt_txt.append("\"%s\" not hot enough, please heat up again and press RESUME" % printer.toolhead.extruder) %}
	{% endif %}
	
	{% elif can_extrude %}
	{% set do_resume = True %}
	{% else %}
	RESPOND TYPE=error MSG='{"Resume aborted !!! \"%s\" not hot enough, please heat up again and press RESUME" % printer.toolhead.extruder}'
	{% set _d = prompt_txt.append("\"%s\" not hot enough, please heat up again and press RESUME" % printer.toolhead.extruder) %}
	{% endif %}
	{% if runout_resume %}
	{% if do_resume %}
	{% if restore_idle_timeout > 0 %} SET_IDLE_TIMEOUT TIMEOUT={restore_idle_timeout} {% endif %}
	{client.user_resume_macro | default("")}
	_CLIENT_EXTRUDE
	RESUME_BASE VELOCITY={params.VELOCITY | default(sp_move)}
	{% endif %}
	{% else %}
	RESPOND TYPE=error MSG='{"Resume aborted !!! \"%s\" detects no filament, please load filament and press RESUME" % (client.runout_sensor.split(" "))[1]}'
	{% set _d = prompt_txt.append("\"%s\" detects no filament, please load filament and press RESUME" % (client.runout_sensor.split(" "))[1]) %}
	{% endif %}
	
	{% if not (runout_resume and do_resume) %}
	RESPOND TYPE=command MSG="action:prompt_begin RESUME aborted !!!"
	{% for element in prompt_txt %}
	RESPOND TYPE=command MSG='{"action:prompt_text %s" % element}'
	{% endfor %}
	RESPOND TYPE=command MSG="action:prompt_footer_button Ok|RESPOND TYPE=command MSG=action:prompt_end|info"
	RESPOND TYPE=command MSG="action:prompt_show"
	{% endif %}
	STATUS_PRINTING

[gcode_macro SET_PAUSE_NEXT_LAYER]
description = Enable a pause if the next layer is reached
gcode = 
	{% set pause_next_layer = printer['gcode_macro SET_PRINT_STATS_INFO'].pause_next_layer %}
	{% set ENABLE = params.ENABLE | default(1)|int != 0 %}
	{% set MACRO = params.MACRO | default(pause_next_layer.call, True) %}
	SET_GCODE_VARIABLE MACRO=SET_PRINT_STATS_INFO VARIABLE=pause_next_layer VALUE="{{ 'enable': ENABLE, 'call': MACRO }}"

[gcode_macro SET_PAUSE_AT_LAYER]
description = Enable/disable a pause if a given layer number is reached
gcode = 
	{% set pause_at_layer = printer['gcode_macro SET_PRINT_STATS_INFO'].pause_at_layer %}
	{% set ENABLE = params.ENABLE | int != 0 if params.ENABLE is defined
	else params.LAYER is defined %}
	{% set LAYER = params.LAYER | default(pause_at_layer.layer) | int %}
	{% set MACRO = params.MACRO | default(pause_at_layer.call, True) %}
	SET_GCODE_VARIABLE MACRO=SET_PRINT_STATS_INFO VARIABLE=pause_at_layer VALUE="{{ 'enable': ENABLE, 'layer': LAYER, 'call': MACRO }}"

[gcode_macro SET_PRINT_STATS_INFO]
rename_existing = SET_PRINT_STATS_INFO_BASE
description = Overwrite, to get pause_next_layer and pause_at_layer feature
variable_pause_next_layer = { 'enable': False, 'call': "PAUSE" }
variable_pause_at_layer = { 'enable': False, 'layer': 0, 'call': "PAUSE" }
gcode = 
	{% if pause_next_layer.enable %}
	RESPOND TYPE=echo MSG='{"%s, forced by pause_next_layer" % pause_next_layer.call}'
	{pause_next_layer.call}
	SET_PAUSE_NEXT_LAYER ENABLE=0
	{% elif pause_at_layer.enable and params.CURRENT_LAYER is defined and params.CURRENT_LAYER | int == pause_at_layer.layer %}
	RESPOND TYPE=echo MSG='{"%s, forced by pause_at_layer [%d]" % (pause_at_layer.call, pause_at_layer.layer)}'
	{pause_at_layer.call}
	SET_PAUSE_AT_LAYER ENABLE=0
	{% endif %}
	SET_PRINT_STATS_INFO_BASE {rawparams}

[gcode_macro _TOOLHEAD_PARK_PAUSE_CANCEL]
description = Helper: park toolhead used in PAUSE and CANCEL_PRINT
gcode = 
	
	{% set client = printer['gcode_macro _CLIENT_VARIABLE'] | default({}) %}
	{% set velocity = printer.configfile.settings.pause_resume.recover_velocity %}
	{% set use_custom     = client.use_custom_pos | default(false) | lower == 'true' %}
	{% set custom_park_x  = client.custom_park_x | default(0.0) %}
	{% set custom_park_y  = client.custom_park_y | default(0.0) %}
	{% set park_dz        = client.custom_park_dz | default(2.0) | abs %}
	{% set sp_hop         = client.speed_hop | default(15) * 60 %}
	{% set sp_move        = client.speed_move | default(velocity) * 60 %}
	
	{% set origin    = printer.gcode_move.homing_origin %}
	{% set act       = printer.gcode_move.gcode_position %}
	{% set max       = printer.toolhead.axis_maximum %}
	{% set cone      = printer.toolhead.cone_start_z | default(max.z) %}
	{% set round_bed = True if printer.configfile.settings.printer.kinematics is in ['delta','polar','rotary_delta','winch']
	else False %}
	
	{% set z_min = params.Z_MIN | default(0) | float %}
	{% set z_park = [[(act.z + park_dz), z_min]|max, (max.z - origin.z)] | min %}
	{% set x_park = params.X       if params.X is defined
	else custom_park_x  if use_custom
	else 0.0            if round_bed
	else (max.x - 5.0) %}
	{% set y_park = params.Y       if params.Y is defined
	else custom_park_y  if use_custom
	else (max.y - 5.0)  if round_bed and z_park < cone
	else 0.0            if round_bed
	else (max.y - 5.0) %}
	
	_CLIENT_RETRACT
	{% if "xyz" in printer.toolhead.homed_axes %}
	G90
	G1 Z{z_park} F{sp_hop}
	G1 X{x_park} Y{y_park} F{sp_move}
	{% if not printer.gcode_move.absolute_coordinates %} G91 {% endif %}
	{% else %}
	RESPOND TYPE=echo MSG='Printer not homed'
	{% endif %}

[gcode_macro _CLIENT_EXTRUDE]
description = Extrudes, if the extruder is hot enough
gcode = 
	
	{% set client = printer['gcode_macro _CLIENT_VARIABLE'] | default({}) %}
	{% set use_fw_retract = (client.use_fw_retract | default(false) | lower == 'true') and (printer.firmware_retraction is defined) %}
	{% set length = params.LENGTH | default(client.unretract) | default(1.0) | float %}
	{% set speed = params.SPEED | default(client.speed_unretract) | default(35) %}
	{% set absolute_extrude = printer.gcode_move.absolute_extrude %}
	
	{% if printer.toolhead.extruder != '' %}
	{% if printer[printer.toolhead.extruder].can_extrude %}
	{% if use_fw_retract %}
	{% if length < 0 %}
	G10
	{% else %}
	G11
	{% endif %}
	{% else %}
	M83
	G1 E{length} F{(speed | float | abs) * 60}
	{% if absolute_extrude %}
	M82
	{% endif %}
	{% endif %}
	{% else %}
	RESPOND TYPE=echo MSG='{"\"%s\" not hot enough" % printer.toolhead.extruder}'
	{% endif %}
	{% endif %}

[gcode_macro _CLIENT_RETRACT]
description = Retracts, if the extruder is hot enough
gcode = 
	{% set client = printer['gcode_macro _CLIENT_VARIABLE'] | default({}) %}
	{% set length = params.LENGTH | default(client.retract) | default(1.0) | float %}
	{% set speed = params.SPEED | default(client.speed_retract) | default(35) %}
	
	_CLIENT_EXTRUDE LENGTH=-{length | float | abs} SPEED={speed | float | abs}
=======================
Args: ['/home/kkobold/klipper/klippy/klippy.py', '/home/kkobold/printer_data/config/printer.cfg', '-I', '/home/kkobold/printer_data/comms/klippy.serial', '-l', '/home/kkobold/printer_data/logs/klippy.log', '-a', '/home/kkobold/printer_data/comms/klippy.sock']
Git version: 'v0.12.0-267-g12cd1d9e-dirty'
Untracked files: klippy/extras/autotune_tmc.py, klippy/extras/led_effect.py, klippy/extras/motor_constants.py
Modified files: config/generic-bigtreetech-skr-mini-e3-v3.0.cfg
Branch: master
Remote: origin
Tracked URL: https://github.com/Klipper3d/klipper
CPU: 4 core ?
Python: '3.9.2 (default, Feb 28 2021, 17:03:44) \n[GCC 10.2.1 20210110]'
webhooks client 281472803032704: {'program': 'Moonraker', 'version': 'v0.8.0-385-gdc00d38'}
=============== Log rollover at Mon Jul 22 11:53:01 2024 ===============
mcu 'mcu': Unable to open serial port: [Errno 2] could not open port /dev/serial/by-id/usb-1a86_USB_Serial-if00-port0: [Errno 2] No such file or directory: '/dev/serial/by-id/usb-1a86_USB_Serial-if00-port0'
mcu 'mcu': Unable to open serial port: [Errno 2] could not open port /dev/serial/by-id/usb-1a86_USB_Serial-if00-port0: [Errno 2] No such file or directory: '/dev/serial/by-id/usb-1a86_USB_Serial-if00-port0'
mcu 'mcu': Unable to open serial port: [Errno 2] could not open port /dev/serial/by-id/usb-1a86_USB_Serial-if00-port0: [Errno 2] No such file or directory: '/dev/serial/by-id/usb-1a86_USB_Serial-if00-port0'
mcu 'mcu': Unable to open serial port: [Errno 2] could not open port /dev/serial/by-id/usb-1a86_USB_Serial-if00-port0: [Errno 2] No such file or directory: '/dev/serial/by-id/usb-1a86_USB_Serial-if00-port0'
mcu 'mcu': Unable to open serial port: [Errno 2] could not open port /dev/serial/by-id/usb-1a86_USB_Serial-if00-port0: [Errno 2] No such file or directory: '/dev/serial/by-id/usb-1a86_USB_Serial-if00-port0'
mcu 'mcu': Unable to open serial port: [Errno 2] could not open port /dev/serial/by-id/usb-1a86_USB_Serial-if00-port0: [Errno 2] No such file or directory: '/dev/serial/by-id/usb-1a86_USB_Serial-if00-port0'
mcu 'mcu': Unable to open serial port: [Errno 2] could not open port /dev/serial/by-id/usb-1a86_USB_Serial-if00-port0: [Errno 2] No such file or directory: '/dev/serial/by-id/usb-1a86_USB_Serial-if00-port0'
mcu 'mcu': Unable to open serial port: [Errno 2] could not open port /dev/serial/by-id/usb-1a86_USB_Serial-if00-port0: [Errno 2] No such file or directory: '/dev/serial/by-id/usb-1a86_USB_Serial-if00-port0'
mcu 'mcu': Unable to open serial port: [Errno 2] could not open port /dev/serial/by-id/usb-1a86_USB_Serial-if00-port0: [Errno 2] No such file or directory: '/dev/serial/by-id/usb-1a86_USB_Serial-if00-port0'
mcu 'mcu': Unable to open serial port: [Errno 2] could not open port /dev/serial/by-id/usb-1a86_USB_Serial-if00-port0: [Errno 2] No such file or directory: '/dev/serial/by-id/usb-1a86_USB_Serial-if00-port0'
mcu 'mcu': Unable to open serial port: [Errno 2] could not open port /dev/serial/by-id/usb-1a86_USB_Serial-if00-port0: [Errno 2] No such file or directory: '/dev/serial/by-id/usb-1a86_USB_Serial-if00-port0'
mcu 'mcu': Unable to open serial port: [Errno 2] could not open port /dev/serial/by-id/usb-1a86_USB_Serial-if00-port0: [Errno 2] No such file or directory: '/dev/serial/by-id/usb-1a86_USB_Serial-if00-port0'
mcu 'mcu': Unable to open serial port: [Errno 2] could not open port /dev/serial/by-id/usb-1a86_USB_Serial-if00-port0: [Errno 2] No such file or directory: '/dev/serial/by-id/usb-1a86_USB_Serial-if00-port0'
mcu 'mcu': Unable to open serial port: [Errno 2] could not open port /dev/serial/by-id/usb-1a86_USB_Serial-if00-port0: [Errno 2] No such file or directory: '/dev/serial/by-id/usb-1a86_USB_Serial-if00-port0'
mcu 'mcu': Unable to open serial port: [Errno 2] could not open port /dev/serial/by-id/usb-1a86_USB_Serial-if00-port0: [Errno 2] No such file or directory: '/dev/serial/by-id/usb-1a86_USB_Serial-if00-port0'
mcu 'mcu': Unable to open serial port: [Errno 2] could not open port /dev/serial/by-id/usb-1a86_USB_Serial-if00-port0: [Errno 2] No such file or directory: '/dev/serial/by-id/usb-1a86_USB_Serial-if00-port0'
MCU error during connect
Traceback (most recent call last):
  File "/home/kkobold/klipper/klippy/mcu.py", line 793, in _mcu_identify
    self._serial.connect_uart(self._serialport, self._baud, rts)
  File "/home/kkobold/klipper/klippy/serialhdl.py", line 183, in connect_uart
    self._error("Unable to connect")
  File "/home/kkobold/klipper/klippy/serialhdl.py", line 61, in _error
    raise error(self.warn_prefix + (msg % params))
serialhdl.error: mcu 'mcu': Unable to connect

During handling of the above exception, another exception occurred:

Traceback (most recent call last):
  File "/home/kkobold/klipper/klippy/klippy.py", line 131, in _connect
    self.send_event("klippy:mcu_identify")
  File "/home/kkobold/klipper/klippy/klippy.py", line 223, in send_event
    return [cb(*params) for cb in self.event_handlers.get(event, [])]
  File "/home/kkobold/klipper/klippy/klippy.py", line 223, in <listcomp>
    return [cb(*params) for cb in self.event_handlers.get(event, [])]
  File "/home/kkobold/klipper/klippy/mcu.py", line 798, in _mcu_identify
    raise error(str(e))
mcu.error: mcu 'mcu': Unable to connect
mcu 'mcu': Unable to connect
Once the underlying issue is corrected, use the
"FIRMWARE_RESTART" command to reset the firmware, reload the
config, and restart the host software.
Error configuring printer

Build file /home/kkobold/klipper/klippy/../.config(3459): Fri Jul 19 14:02:56 2024
========= Last MCU build config =========
CONFIG_LOW_LEVEL_OPTIONS=y
# CONFIG_MACH_AVR is not set
# CONFIG_MACH_ATSAM is not set
# CONFIG_MACH_ATSAMD is not set
# CONFIG_MACH_LPC176X is not set
CONFIG_MACH_STM32=y
# CONFIG_MACH_HC32F460 is not set
# CONFIG_MACH_RP2040 is not set
# CONFIG_MACH_PRU is not set
# CONFIG_MACH_AR100 is not set
# CONFIG_MACH_LINUX is not set
# CONFIG_MACH_SIMU is not set
CONFIG_BOARD_DIRECTORY="stm32"
CONFIG_MCU="stm32f446xx"
CONFIG_CLOCK_FREQ=180000000
CONFIG_USBSERIAL=y
CONFIG_FLASH_SIZE=0x80000
CONFIG_FLASH_BOOT_ADDRESS=0x8000000
CONFIG_RAM_START=0x20000000
CONFIG_RAM_SIZE=0x20000
CONFIG_STACK_SIZE=512
CONFIG_FLASH_APPLICATION_ADDRESS=0x8008000
CONFIG_STM32_SELECT=y
# CONFIG_MACH_STM32F103 is not set
# CONFIG_MACH_STM32F207 is not set
# CONFIG_MACH_STM32F401 is not set
# CONFIG_MACH_STM32F405 is not set
# CONFIG_MACH_STM32F407 is not set
# CONFIG_MACH_STM32F429 is not set
CONFIG_MACH_STM32F446=y
# CONFIG_MACH_STM32F765 is not set
# CONFIG_MACH_STM32F031 is not set
# CONFIG_MACH_STM32F042 is not set
# CONFIG_MACH_STM32F070 is not set
# CONFIG_MACH_STM32F072 is not set
# CONFIG_MACH_STM32G070 is not set
# CONFIG_MACH_STM32G071 is not set
# CONFIG_MACH_STM32G0B0 is not set
# CONFIG_MACH_STM32G0B1 is not set
# CONFIG_MACH_STM32G431 is not set
# CONFIG_MACH_STM32G474 is not set
# CONFIG_MACH_STM32H723 is not set
# CONFIG_MACH_STM32H743 is not set
# CONFIG_MACH_STM32H750 is not set
# CONFIG_MACH_STM32L412 is not set
# CONFIG_MACH_N32G452 is not set
# CONFIG_MACH_N32G455 is not set
CONFIG_MACH_STM32F4=y
CONFIG_HAVE_STM32_USBOTG=y
CONFIG_HAVE_STM32_CANBUS=y
CONFIG_HAVE_STM32_USBCANBUS=y
CONFIG_STM32_DFU_ROM_ADDRESS=0x1fff0000
CONFIG_STM32_FLASH_START_8000=y
# CONFIG_STM32_FLASH_START_10000 is not set
# CONFIG_STM32_FLASH_START_0000 is not set
# CONFIG_STM32_CLOCK_REF_8M is not set
CONFIG_STM32_CLOCK_REF_12M=y
# CONFIG_STM32_CLOCK_REF_16M is not set
# CONFIG_STM32_CLOCK_REF_20M is not set
# CONFIG_STM32_CLOCK_REF_24M is not set
# CONFIG_STM32_CLOCK_REF_25M is not set
# CONFIG_STM32_CLOCK_REF_INTERNAL is not set
CONFIG_CLOCK_REF_FREQ=12000000
CONFIG_STM32F0_TRIM=16
CONFIG_STM32_USB_PA11_PA12=y
# CONFIG_STM32_SERIAL_USART1 is not set
# CONFIG_STM32_SERIAL_USART1_ALT_PB7_PB6 is not set
# CONFIG_STM32_SERIAL_USART2 is not set
# CONFIG_STM32_SERIAL_USART2_ALT_PD6_PD5 is not set
# CONFIG_STM32_SERIAL_USART3 is not set
# CONFIG_STM32_SERIAL_USART3_ALT_PD9_PD8 is not set
# CONFIG_STM32_CANBUS_PA11_PA12 is not set
# CONFIG_STM32_CANBUS_PA11_PB9 is not set
# CONFIG_STM32_MMENU_CANBUS_PB8_PB9 is not set
# CONFIG_STM32_MMENU_CANBUS_PI9_PH13 is not set
# CONFIG_STM32_MMENU_CANBUS_PB5_PB6 is not set
# CONFIG_STM32_MMENU_CANBUS_PB12_PB13 is not set
# CONFIG_STM32_MMENU_CANBUS_PD0_PD1 is not set
# CONFIG_STM32_USBCANBUS_PA11_PA12 is not set
CONFIG_USB=y
CONFIG_USB_VENDOR_ID=0x1d50
CONFIG_USB_DEVICE_ID=0x614e
CONFIG_USB_SERIAL_NUMBER_CHIPID=y
CONFIG_USB_SERIAL_NUMBER="12345"

#
# USB ids
#
# end of USB ids

CONFIG_WANT_GPIO_BITBANGING=y
CONFIG_WANT_DISPLAYS=y
CONFIG_WANT_SENSORS=y
CONFIG_WANT_LIS2DW=y
CONFIG_WANT_LDC1612=y
CONFIG_WANT_SOFTWARE_I2C=y
CONFIG_WANT_SOFTWARE_SPI=y
CONFIG_NEED_SENSOR_BULK=y
CONFIG_CANBUS_FREQUENCY=1000000
CONFIG_INITIAL_PINS=""
CONFIG_HAVE_GPIO=y
CONFIG_HAVE_GPIO_ADC=y
CONFIG_HAVE_GPIO_SPI=y
CONFIG_HAVE_GPIO_SDIO=y
CONFIG_HAVE_GPIO_I2C=y
CONFIG_HAVE_GPIO_HARD_PWM=y
CONFIG_HAVE_STRICT_TIMING=y
CONFIG_HAVE_CHIPID=y
CONFIG_HAVE_STEPPER_BOTH_EDGE=y
CONFIG_HAVE_BOOTLOADER_REQUEST=y
CONFIG_INLINE_STEPPER_HACK=y
=======================
Build file /home/kkobold/klipper/klippy/../out/klipper.dict(8817): Fri Jul 19 14:03:30 2024
Last MCU build version: v0.12.0-267-g12cd1d9e-dirty-20240719_140330-gatekeeper
Last MCU build tools: gcc: (15:8-2019-q3-1+b1) 8.3.1 20190703 (release) [gcc-8-branch revision 273027] binutils: (2.35.2-2+14+b2) 2.35.2
Last MCU build config: ADC_MAX=4095 BUS_PINS_i2c1=PB6,PB7 BUS_PINS_i2c1a=PB8,PB9 BUS_PINS_i2c2=PB10,PB11 BUS_PINS_i2c3=PA8,PC9 BUS_PINS_sdio=PC12,PD2,PC8,PC9,PC10,PC11 BUS_PINS_spi1=PA6,PA7,PA5 BUS_PINS_spi1a=PB4,PB5,PB3 BUS_PINS_spi2=PB14,PB15,PB13 BUS_PINS_spi2a=PC2,PC3,PB10 BUS_PINS_spi3=PB4,PB5,PB3 BUS_PINS_spi3a=PC11,PC12,PC10 BUS_PINS_spi4=PE13,PE14,PE12 CLOCK_FREQ=180000000 MCU=stm32f446xx PWM_MAX=255 RESERVE_PINS_USB=PA11,PA12 RESERVE_PINS_crystal=PH0,PH1 STATS_SUMSQ_BASE=256 STEPPER_BOTH_EDGE=1
Build file /home/kkobold/klipper/klippy/../out/klipper.elf(1303952): Fri Jul 19 14:03:40 2024
